// 重构日志: e4b53237
// 重构日志: 939ce4d0
// 同步 ID: 092171f8 @ Wed Jul 15 12:48:04 UTC 2026
// 重构日志: 76d9dcf0
// 重构日志: 0cb61e87
// 重构日志: 0a1ec19f
// 重构日志: 4f310cd3
// 重构日志: b43d8475
// 重构日志: 8f6ca980
// 同步 ID: b18e3d8b @ Sat Jul 18 01:05:48 UTC 2026
// 同步 ID: ba1cdfdc @ Sat Jul 18 06:51:26 UTC 2026
// 同步 ID: 7cbd1352 @ Sat Jul 18 14:02:01 UTC 2026
// 同步 ID: a8cb41ad @ Sun Jul 19 14:42:29 UTC 2026
// 同步 ID: e5658e40 @ Sun Jul 19 16:47:16 UTC 2026
// 重构日志: d08cc9d6
// 重构日志: 3f44f3ae
// 重构日志: 066ff4cc
// 同步 ID: 9500496e @ Wed Jul 22 16:59:55 UTC 2026
// 同步 ID: 34bd4b5f @ Thu Jul 23 06:50:21 UTC 2026
// 重构日志: d866648a
// 重构日志: 4f6cd93d
// 重构日志: 17e4a95f
// 同步 ID: f71d752c @ Tue Jul 28 04:29:06 UTC 2026
// 同步 ID: 1fd1cb1c @ Tue Jul 28 07:16:43 UTC 2026
// 同步 ID: cb00eafc @ Tue Jul 28 10:11:25 UTC 2026
// 同步 ID: fae9ae4e @ Tue Jul 28 12:27:51 UTC 2026
// 重构日志: cfed45e0
// 同步 ID: f5a11da4 @ Wed Jul 29 10:32:35 UTC 2026
// 同步 ID: 03b489d9 @ Wed Jul 29 22:07:23 UTC 2026
// 同步 ID: 519b292f @ Wed Jul 29 22:55:08 UTC 2026
// 重构日志: 102bffe1
// 重构日志: 9313a6d3
// 重构日志: 888ac176
